  Building Custom Rule C:/Users/mhmdk/Desktop/Projects/TheFlattener-C++/CMakeLists.txt
  CMake is re-running because C:/Users/mhmdk/Desktop/Projects/TheFlattener-C++/TheFlattener-C++/CMakeFiles/generate.stamp dependency file is missing.
  -- Building for: Visual Studio 17 2022
  -- Selecting Windows SDK version 10.0.22621.0 to target Windows 10.0.19045.
  -- The C compiler identification is MSVC 19.42.34435.0
  -- The CXX compiler identification is MSVC 19.42.34435.0
  -- Detecting C compiler ABI info
  -- Detecting C compiler ABI info - done
  -- Check for working C compiler: C:/Program Files/Microsoft Visual Studio/2022/Community/VC/Tools/MSVC/14.42.34433/bin/Hostx64/x64/cl.exe - skipped
  -- Detecting C compile features
  -- Detecting C compile features - done
  -- Detecting CXX compiler ABI info
  -- Detecting CXX compiler ABI info - done
  -- Check for working CXX compiler: C:/Program Files/Microsoft Visual Studio/2022/Community/VC/Tools/MSVC/14.42.34433/bin/Hostx64/x64/cl.exe - skipped
  -- Detecting CXX compile features
  -- Detecting CXX compile features - done
  -- Configuring done (5.4s)
  -- Generating done (0.1s)
  -- Build files have been written to: C:/Users/mhmdk/Desktop/Projects/TheFlattener-C++/TheFlattener-C++
  TheFlattener-C++.cpp
  TheFlattener-C++.vcxproj -> C:\Users\mhmdk\Desktop\Projects\TheFlattener-C++\TheFlattener-C++\Debug\TheFlattener-C++.exe
  'pwsh.exe' is not recognized as an internal or external command,
  operable program or batch file.
